Archive member included because of file (symbol)

c:/program files (x86)/atmel/atmel toolchain/avr8 gcc/native/3.4.1061/avr8-gnu-toolchain/bin/../lib/gcc/avr/4.8.1/../../../../avr/lib/avr5\libm.a(addsf3.o)
                              oled.o (__addsf3)
c:/program files (x86)/atmel/atmel toolchain/avr8 gcc/native/3.4.1061/avr8-gnu-toolchain/bin/../lib/gcc/avr/4.8.1/../../../../avr/lib/avr5\libm.a(addsf3x.o)
                              c:/program files (x86)/atmel/atmel toolchain/avr8 gcc/native/3.4.1061/avr8-gnu-toolchain/bin/../lib/gcc/avr/4.8.1/../../../../avr/lib/avr5\libm.a(addsf3.o) (__addsf3x)
c:/program files (x86)/atmel/atmel toolchain/avr8 gcc/native/3.4.1061/avr8-gnu-toolchain/bin/../lib/gcc/avr/4.8.1/../../../../avr/lib/avr5\libm.a(atan2.o)
                              joy.o (atan2)
c:/program files (x86)/atmel/atmel toolchain/avr8 gcc/native/3.4.1061/avr8-gnu-toolchain/bin/../lib/gcc/avr/4.8.1/../../../../avr/lib/avr5\libm.a(atan.o)
                              c:/program files (x86)/atmel/atmel toolchain/avr8 gcc/native/3.4.1061/avr8-gnu-toolchain/bin/../lib/gcc/avr/4.8.1/../../../../avr/lib/avr5\libm.a(atan2.o) (atan)
c:/program files (x86)/atmel/atmel toolchain/avr8 gcc/native/3.4.1061/avr8-gnu-toolchain/bin/../lib/gcc/avr/4.8.1/../../../../avr/lib/avr5\libm.a(divsf3.o)
                              oled.o (__divsf3)
c:/program files (x86)/atmel/atmel toolchain/avr8 gcc/native/3.4.1061/avr8-gnu-toolchain/bin/../lib/gcc/avr/4.8.1/../../../../avr/lib/avr5\libm.a(divsf3x.o)
                              c:/program files (x86)/atmel/atmel toolchain/avr8 gcc/native/3.4.1061/avr8-gnu-toolchain/bin/../lib/gcc/avr/4.8.1/../../../../avr/lib/avr5\libm.a(divsf3.o) (__divsf3x)
c:/program files (x86)/atmel/atmel toolchain/avr8 gcc/native/3.4.1061/avr8-gnu-toolchain/bin/../lib/gcc/avr/4.8.1/../../../../avr/lib/avr5\libm.a(fixsfsi.o)
                              joy.o (__fixsfsi)
c:/program files (x86)/atmel/atmel toolchain/avr8 gcc/native/3.4.1061/avr8-gnu-toolchain/bin/../lib/gcc/avr/4.8.1/../../../../avr/lib/avr5\libm.a(fixunssfsi.o)
                              c:/program files (x86)/atmel/atmel toolchain/avr8 gcc/native/3.4.1061/avr8-gnu-toolchain/bin/../lib/gcc/avr/4.8.1/../../../../avr/lib/avr5\libm.a(fixsfsi.o) (__fixunssfsi)
c:/program files (x86)/atmel/atmel toolchain/avr8 gcc/native/3.4.1061/avr8-gnu-toolchain/bin/../lib/gcc/avr/4.8.1/../../../../avr/lib/avr5\libm.a(floatsisf.o)
                              joy.o (__floatunsisf)
c:/program files (x86)/atmel/atmel toolchain/avr8 gcc/native/3.4.1061/avr8-gnu-toolchain/bin/../lib/gcc/avr/4.8.1/../../../../avr/lib/avr5\libm.a(fp_inf.o)
                              c:/program files (x86)/atmel/atmel toolchain/avr8 gcc/native/3.4.1061/avr8-gnu-toolchain/bin/../lib/gcc/avr/4.8.1/../../../../avr/lib/avr5\libm.a(addsf3x.o) (__fp_inf)
c:/program files (x86)/atmel/atmel toolchain/avr8 gcc/native/3.4.1061/avr8-gnu-toolchain/bin/../lib/gcc/avr/4.8.1/../../../../avr/lib/avr5\libm.a(fp_nan.o)
                              c:/program files (x86)/atmel/atmel toolchain/avr8 gcc/native/3.4.1061/avr8-gnu-toolchain/bin/../lib/gcc/avr/4.8.1/../../../../avr/lib/avr5\libm.a(addsf3x.o) (__fp_nan)
c:/program files (x86)/atmel/atmel toolchain/avr8 gcc/native/3.4.1061/avr8-gnu-toolchain/bin/../lib/gcc/avr/4.8.1/../../../../avr/lib/avr5\libm.a(fp_powser.o)
                              c:/program files (x86)/atmel/atmel toolchain/avr8 gcc/native/3.4.1061/avr8-gnu-toolchain/bin/../lib/gcc/avr/4.8.1/../../../../avr/lib/avr5\libm.a(atan.o) (__fp_powser)
c:/program files (x86)/atmel/atmel toolchain/avr8 gcc/native/3.4.1061/avr8-gnu-toolchain/bin/../lib/gcc/avr/4.8.1/../../../../avr/lib/avr5\libm.a(fp_pscA.o)
                              c:/program files (x86)/atmel/atmel toolchain/avr8 gcc/native/3.4.1061/avr8-gnu-toolchain/bin/../lib/gcc/avr/4.8.1/../../../../avr/lib/avr5\libm.a(addsf3x.o) (__fp_pscA)
c:/program files (x86)/atmel/atmel toolchain/avr8 gcc/native/3.4.1061/avr8-gnu-toolchain/bin/../lib/gcc/avr/4.8.1/../../../../avr/lib/avr5\libm.a(fp_pscB.o)
                              c:/program files (x86)/atmel/atmel toolchain/avr8 gcc/native/3.4.1061/avr8-gnu-toolchain/bin/../lib/gcc/avr/4.8.1/../../../../avr/lib/avr5\libm.a(addsf3x.o) (__fp_pscB)
c:/program files (x86)/atmel/atmel toolchain/avr8 gcc/native/3.4.1061/avr8-gnu-toolchain/bin/../lib/gcc/avr/4.8.1/../../../../avr/lib/avr5\libm.a(fp_round.o)
                              c:/program files (x86)/atmel/atmel toolchain/avr8 gcc/native/3.4.1061/avr8-gnu-toolchain/bin/../lib/gcc/avr/4.8.1/../../../../avr/lib/avr5\libm.a(addsf3.o) (__fp_round)
c:/program files (x86)/atmel/atmel toolchain/avr8 gcc/native/3.4.1061/avr8-gnu-toolchain/bin/../lib/gcc/avr/4.8.1/../../../../avr/lib/avr5\libm.a(fp_split3.o)
                              c:/program files (x86)/atmel/atmel toolchain/avr8 gcc/native/3.4.1061/avr8-gnu-toolchain/bin/../lib/gcc/avr/4.8.1/../../../../avr/lib/avr5\libm.a(addsf3x.o) (__fp_split3)
[...]
Memory Configuration

Name             Origin             Length             Attributes
text             0x00000000         0x00020000         xr
data             0x00800060         0x0000ffa0         rw !x
eeprom           0x00810000         0x00010000         rw !x
fuse             0x00820000         0x00000400         rw !x
lock             0x00830000         0x00000400         rw !x
signature        0x00840000         0x00000400         rw !x
user_signatures  0x00850000         0x00000400         rw !x
*default*        0x00000000         0xffffffff

Linker script and memory map

Address of section .data set to 0x800100
LOAD c:/program files (x86)/atmel/atmel toolchain/avr8 gcc/native/3.4.1061/avr8-gnu-toolchain/bin/../lib/gcc/avr/4.8.1/../../../../avr/lib/avr5/crtm162.o
LOAD adc.o
LOAD can.o
LOAD joy.o
LOAD main.o
LOAD mcp.o
LOAD menu.o
LOAD oled.o
LOAD spi.o
LOAD sram.o
LOAD touch.o
LOAD uart.o
START GROUP
LOAD c:/program files (x86)/atmel/atmel toolchain/avr8 gcc/native/3.4.1061/avr8-gnu-toolchain/bin/../lib/gcc/avr/4.8.1/../../../../avr/lib/avr5\libm.a
END GROUP
START GROUP
LOAD c:/program files (x86)/atmel/atmel toolchain/avr8 gcc/native/3.4.1061/avr8-gnu-toolchain/bin/../lib/gcc/avr/4.8.1/avr5\libgcc.a
LOAD c:/program files (x86)/atmel/atmel toolchain/avr8 gcc/native/3.4.1061/avr8-gnu-toolchain/bin/../lib/gcc/avr/4.8.1/../../../../avr/lib/avr5\libm.a
LOAD c:/program files (x86)/atmel/atmel toolchain/avr8 gcc/native/3.4.1061/avr8-gnu-toolchain/bin/../lib/gcc/avr/4.8.1/../../../../avr/lib/avr5\libc.a
END GROUP

.hash
 *(.hash)

.dynsym
 *(.dynsym)

.dynstr
 *(.dynstr)

.gnu.version
 *(.gnu.version)

.gnu.version_d
 *(.gnu.version_d)

.gnu.version_r
 *(.gnu.version_r)

.rel.init
 *(.rel.init)

.rela.init
 *(.rela.init)

.rel.text
 *(.rel.text)
 *(.rel.text.*)
 *(.rel.gnu.linkonce.t*)

.rela.text
 *(.rela.text)
 *(.rela.text.*)
 *(.rela.gnu.linkonce.t*)

.rel.fini
 *(.rel.fini)

.rela.fini
 *(.rela.fini)

.rel.rodata
 *(.rel.rodata)
 *(.rel.rodata.*)
 *(.rel.gnu.linkonce.r*)

.rela.rodata
 *(.rela.rodata)
 *(.rela.rodata.*)
 *(.rela.gnu.linkonce.r*)

.rel.data
 *(.rel.data)
 *(.rel.data.*)
 *(.rel.gnu.linkonce.d*)

.rela.data
 *(.rela.data)
 *(.rela.data.*)
 *(.rela.gnu.linkonce.d*)

.rel.ctors
 *(.rel.ctors)

.rela.ctors
 *(.rela.ctors)

.rel.dtors
 *(.rel.dtors)

.rela.dtors
 *(.rela.dtors)

.rel.got
 *(.rel.got)

.rela.got
 *(.rela.got)

.rel.bss
 *(.rel.bss)

.rela.bss
 *(.rela.bss)

.rel.plt
 *(.rel.plt)

.rela.plt
 *(.rela.plt)

.text           0x00000000     0x2360
 *(.vectors)
 .vectors       0x00000000       0x70 c:/program files (x86)/atmel/atmel toolchain/avr8 gcc/native/3.4.1061/avr8-gnu-toolchain/bin/../lib/gcc/avr/4.8.1/../../../../avr/lib/avr5/crtm162.o
                0x00000000                __vector_default
                0x00000000                __vectors
 *(.vectors)
 *(.progmem.gcc*)
 .progmem.gcc_fplib
                0x00000070       0x2d c:/program files (x86)/atmel/atmel toolchain/avr8 gcc/native/3.4.1061/avr8-gnu-toolchain/bin/../lib/gcc/avr/4.8.1/../../../../avr/lib/avr5\libm.a(atan.o)
                0x0000009e                . = ALIGN (0x2)
 *fill*         0x0000009d        0x1 
                0x0000009e                __trampolines_start = .
 *(.trampolines)
 .trampolines   0x0000009e        0x0 linker stubs
 *(.trampolines*)
                0x0000009e                __trampolines_end = .
 *(.progmem*)
 .progmem.data.font4
                0x0000009e      0x17c oled.o
                0x0000009e                font4
 .progmem.data.font5
                0x0000021a      0x1db oled.o
                0x0000021a                font5
 .progmem.data.font8
                0x000003f5      0x2f8 oled.o
                0x000003f5                font8
                0x000006ee                . = ALIGN (0x2)
 *fill*         0x000006ed        0x1 
 *(.jumptables)
 *(.jumptables*)
 *(.lowtext)
 *(.lowtext*)
                0x000006ee                __ctors_start = .
 *(.ctors)
                0x000006ee                __ctors_end = .
                0x000006ee                __dtors_start = .
 *(.dtors)
                0x000006ee                __dtors_end = .
 SORT(*)(.ctors)
 SORT(*)(.dtors)
 *(.init0)
 .init0         0x000006ee        0x0 c:/program files (x86)/atmel/atmel toolchain/avr8 gcc/native/3.4.1061/avr8-gnu-toolchain/bin/../lib/gcc/avr/4.8.1/../../../../avr/lib/avr5/crtm162.o
                0x000006ee                __init
 *(.init0)
 *(.init1)
 *(.init1)
 *(.init2)
 .init2         0x000006ee        0xc c:/program files (x86)/atmel/atmel toolchain/avr8 gcc/native/3.4.1061/avr8-gnu-toolchain/bin/../lib/gcc/avr/4.8.1/../../../../avr/lib/avr5/crtm162.o
 *(.init2)
 *(.init3)
 *(.init3)
 *(.init4)
 .init4         0x000006fa       0x16 c:/program files (x86)/atmel/atmel toolchain/avr8 gcc/native/3.4.1061/avr8-gnu-toolchain/bin/../lib/gcc/avr/4.8.1/avr5\libgcc.a(_copy_data.o)
                0x000006fa                __do_copy_data
 .init4         0x00000710       0x10 c:/program files (x86)/atmel/atmel toolchain/avr8 gcc/native/3.4.1061/avr8-gnu-toolchain/bin/../lib/gcc/avr/4.8.1/avr5\libgcc.a(_clear_bss.o)
                0x00000710                __do_clear_bss
 *(.init4)
 *(.init5)
 *(.init5)
 *(.init6)
 *(.init6)
 *(.init7)
 *(.init7)
 *(.init8)
 *(.init8)
 *(.init9)
 .init9         0x00000720        0x8 c:/program files (x86)/atmel/atmel toolchain/avr8 gcc/native/3.4.1061/avr8-gnu-toolchain/bin/../lib/gcc/avr/4.8.1/../../../../avr/lib/avr5/crtm162.o
 *(.init9)
 *(.text)
 .text          0x00000728        0x4 c:/program files (x86)/atmel/atmel toolchain/avr8 gcc/native/3.4.1061/avr8-gnu-toolchain/bin/../lib/gcc/avr/4.8.1/../../../../avr/lib/avr5/crtm162.o
                0x00000728                __vector_22
                0x00000728                __vector_1
                0x00000728                __vector_24
                0x00000728                __vector_12
                0x00000728                __bad_interrupt
                0x00000728                __vector_6
                0x00000728                __vector_3
                0x00000728                __vector_23
                0x00000728                __vector_25
                0x00000728                __vector_11
                0x00000728                __vector_13
                0x00000728                __vector_17
                0x00000728                __vector_19
                0x00000728                __vector_7
                0x00000728                __vector_27
                0x00000728                __vector_5
                0x00000728                __vector_4
                0x00000728                __vector_9
                0x00000728                __vector_2
                0x00000728                __vector_21
                0x00000728                __vector_15
                0x00000728                __vector_8
                0x00000728                __vector_26
                0x00000728                __vector_14
                0x00000728                __vector_10
                0x00000728                __vector_16
                0x00000728                __vector_18
                0x00000728                __vector_20
                0x0000072c                . = ALIGN (0x2)
 *(.text.*)
 .text.adc_init
                0x0000072c        0x4 adc.o
                0x0000072c                adc_init
 .text.adc_read
                0x00000730       0x38 adc.o
                0x00000730                adc_read
 .text.can_init
                0x00000768       0x26 can.o
                0x00000768                can_init
 .text.can_transmit
                0x0000078e       0xa4 can.o
                0x0000078e                can_transmit
 .text.joy_init
                0x00000832        0x6 joy.o
                0x00000832                joy_init
 .text.joy_get_position
                0x00000838      0x152 joy.o
                0x00000838                joy_get_position
 .text.joy_get_position_polar
                0x0000098a       0xd0 joy.o
                0x0000098a                joy_get_position_polar
 .text.joy_get_direction
                0x00000a5a       0x3e joy.o
                0x00000a5a                joy_get_direction
 .text.main     0x00000a98       0xb0 main.o
                0x00000a98                main
 .text.mcp_write
                0x00000b48       0x24 mcp.o
                0x00000b48                mcp_write
 .text.mcp_request_to_send
                0x00000b6c       0x20 mcp.o
                0x00000b6c                mcp_request_to_send
 .text.mcp_bit_modify
                0x00000b8c       0x30 mcp.o
                0x00000b8c                mcp_bit_modify
 .text.mcp_reset
                0x00000bbc        0xc mcp.o
                0x00000bbc                mcp_reset
 .text.mcp_init
                0x00000bc8        0x6 mcp.o
                0x00000bc8                mcp_init
 .text.draw_list
                0x00000bce       0xb8 menu.o
                0x00000bce                draw_list
 .text.draw_menu
                0x00000c86      0x264 menu.o
                0x00000c86                draw_menu
 .text.add_entries
                0x00000eea       0xa8 menu.o
                0x00000eea                add_entries
 .text.add_sub_menu
                0x00000f92       0xe2 menu.o
                0x00000f92                add_sub_menu
 .text.menu_init
                0x00001074       0xf2 menu.o
                0x00001074                menu_init
 .text.menu_run_display
                0x00001166       0x26 menu.o
                0x00001166                menu_run_display
 .text.oled_write_data
                0x0000118c       0x4c oled.o
                0x0000118c                oled_write_data
 .text.oled_print_char
                0x000011d8       0xb6 oled.o
                0x000011d8                oled_print_char
 .text.oled_read_data
                0x0000128e       0x36 oled.o
                0x0000128e                oled_read_data
 .text.oled_goto_line
                0x000012c4       0x4e oled.o
                0x000012c4                oled_goto_line
 .text.oled_goto_column
                0x00001312       0x54 oled.o
                0x00001312                oled_goto_column
 .text.oled_print_string
                0x00001366       0xb0 oled.o
                0x00001366                oled_print_string
 .text.oled_clear_line
                0x00001416       0x20 oled.o
                0x00001416                oled_clear_line
 .text.oled_clear_screen
                0x00001436       0x1c oled.o
                0x00001436                oled_clear_screen
 .text.oled_init
                0x00001452      0x10c oled.o
                0x00001452                oled_init
 .text.oled_refresh
                0x0000155e       0x70 oled.o
                0x0000155e                oled_refresh
 .text.oled_invert_pixel
                0x000015ce       0x58 oled.o
                0x000015ce                oled_invert_pixel
 .text.oled_invert_rectangle
                0x00001626       0x6c oled.o
                0x00001626                oled_invert_rectangle
 .text.spi_master_init
                0x00001692       0x2a spi.o
                0x00001692                spi_master_init
 .text.spi_master_transmit
                0x000016bc        0xa spi.o
                0x000016bc                spi_master_transmit
 .text.touch_init
                0x000016c6        0x6 touch.o
                0x000016c6                touch_init
 .text.uart_putchar
                0x000016cc        0x8 uart.o
                0x000016cc                uart_putchar
 .text.uart_getchar
                0x000016d4        0x8 uart.o
                0x000016d4                uart_getchar
 .text.uart_init
                0x000016dc       0x68 uart.o
                0x000016dc                uart_init
 .text.avr-libc.fplib
                0x00001744        0xa c:/program files (x86)/atmel/atmel toolchain/avr8 gcc/native/3.4.1061/avr8-gnu-toolchain/bin/../lib/gcc/avr/4.8.1/../../../../avr/lib/avr5\libm.a(addsf3.o)
                0x00001744                __subsf3
                0x00001746                __addsf3
 .text.avr-libc.fplib
                0x0000174e       0xc0 c:/program files (x86)/atmel/atmel toolchain/avr8 gcc/native/3.4.1061/avr8-gnu-toolchain/bin/../lib/gcc/avr/4.8.1/../../../../avr/lib/avr5\libm.a(addsf3x.o)
                0x00001768                __addsf3x
 .text.avr-libc.fplib
                0x0000180e       0x74 c:/program files (x86)/atmel/atmel toolchain/avr8 gcc/native/3.4.1061/avr8-gnu-toolchain/bin/../lib/gcc/avr/4.8.1/../../../../avr/lib/avr5\libm.a(atan2.o)
                0x0000182c                atan2
 .text.avr-libc.fplib
                0x00001882       0x50 c:/program files (x86)/atmel/atmel toolchain/avr8 gcc/native/3.4.1061/avr8-gnu-toolchain/bin/../lib/gcc/avr/4.8.1/../../../../avr/lib/avr5\libm.a(atan.o)
                0x00001882                atan
 .text.avr-libc.fplib
                0x000018d2        0x4 c:/program files (x86)/atmel/atmel toolchain/avr8 gcc/native/3.4.1061/avr8-gnu-toolchain/bin/../lib/gcc/avr/4.8.1/../../../../avr/lib/avr5\libm.a(divsf3.o)
                0x000018d2                __divsf3
 .text.avr-libc.fplib
                0x000018d6       0xcc c:/program files (x86)/atmel/atmel toolchain/avr8 gcc/native/3.4.1061/avr8-gnu-toolchain/bin/../lib/gcc/avr/4.8.1/../../../../avr/lib/avr5\libm.a(divsf3x.o)
                0x000018ec                __divsf3x
                0x000018f0                __divsf3_pse
 .text.avr-libc.fplib
                0x000019a2        0xa c:/program files (x86)/atmel/atmel toolchain/avr8 gcc/native/3.4.1061/avr8-gnu-toolchain/bin/../lib/gcc/avr/4.8.1/../../../../avr/lib/avr5\libm.a(fixsfsi.o)
                0x000019a2                __fixsfsi
 .text.avr-libc.fplib
                0x000019ac       0x58 c:/program files (x86)/atmel/atmel toolchain/avr8 gcc/native/3.4.1061/avr8-gnu-toolchain/bin/../lib/gcc/avr/4.8.1/../../../../avr/lib/avr5\libm.a(fixunssfsi.o)
                0x000019ac                __fixunssfsi
 .text.avr-libc.fplib
                0x00001a04       0x7a c:/program files (x86)/atmel/atmel toolchain/avr8 gcc/native/3.4.1061/avr8-gnu-toolchain/bin/../lib/gcc/avr/4.8.1/../../../../avr/lib/avr5\libm.a(floatsisf.o)
                0x00001a04                __floatunsisf
                0x00001a08                __floatsisf
 .text.avr-libc.fplib
                0x00001a7e        0xc c:/program files (x86)/atmel/atmel toolchain/avr8 gcc/native/3.4.1061/avr8-gnu-toolchain/bin/../lib/gcc/avr/4.8.1/../../../../avr/lib/avr5\libm.a(fp_inf.o)
                0x00001a7e                __fp_inf
 .text.avr-libc.fplib
                0x00001a8a        0x6 c:/program files (x86)/atmel/atmel toolchain/avr8 gcc/native/3.4.1061/avr8-gnu-toolchain/bin/../lib/gcc/avr/4.8.1/../../../../avr/lib/avr5\libm.a(fp_nan.o)
                0x00001a8a                __fp_nan
 .text.avr-libc.fplib
                0x00001a90       0x4a c:/program files (x86)/atmel/atmel toolchain/avr8 gcc/native/3.4.1061/avr8-gnu-toolchain/bin/../lib/gcc/avr/4.8.1/../../../../avr/lib/avr5\libm.a(fp_powser.o)
                0x00001a90                __fp_powser
 .text.avr-libc.fplib
                0x00001ada        0xe c:/program files (x86)/atmel/atmel toolchain/avr8 gcc/native/3.4.1061/avr8-gnu-toolchain/bin/../lib/gcc/avr/4.8.1/../../../../avr/lib/avr5\libm.a(fp_pscA.o)
                0x00001ada                __fp_pscA
 .text.avr-libc.fplib
                0x00001ae8        0xe c:/program files (x86)/atmel/atmel toolchain/avr8 gcc/native/3.4.1061/avr8-gnu-toolchain/bin/../lib/gcc/avr/4.8.1/../../../../avr/lib/avr5\libm.a(fp_pscB.o)
                0x00001ae8                __fp_pscB
 .text.avr-libc.fplib
                0x00001af6       0x22 c:/program files (x86)/atmel/atmel toolchain/avr8 gcc/native/3.4.1061/avr8-gnu-toolchain/bin/../lib/gcc/avr/4.8.1/../../../../avr/lib/avr5\libm.a(fp_round.o)
                0x00001af6                __fp_round
 .text.avr-libc.fplib
                0x00001b18       0x44 c:/program files (x86)/atmel/atmel toolchain/avr8 gcc/native/3.4.1061/avr8-gnu-toolchain/bin/../lib/gcc/avr/4.8.1/../../../../avr/lib/avr5\libm.a(fp_split3.o)
                0x00001b18                __fp_split3
                0x00001b28                __fp_splitA
 .text.avr-libc.fplib
                0x00001b5c        0xe c:/program files (x86)/atmel/atmel toolchain/avr8 gcc/native/3.4.1061/avr8-gnu-toolchain/bin/../lib/gcc/avr/4.8.1/../../../../avr/lib/avr5\libm.a(fp_zero.o)
                0x00001b5c                __fp_zero
                0x00001b5e                __fp_szero
 .text.avr-libc.fplib
                0x00001b6a        0xe c:/program files (x86)/atmel/atmel toolchain/avr8 gcc/native/3.4.1061/avr8-gnu-toolchain/bin/../lib/gcc/avr/4.8.1/../../../../avr/lib/avr5\libm.a(inverse.o)
                0x00001b6a                inverse
 .text.avr-libc.fplib
                0x00001b78        0x4 c:/program files (x86)/atmel/atmel toolchain/avr8 gcc/native/3.4.1061/avr8-gnu-toolchain/bin/../lib/gcc/avr/4.8.1/../../../../avr/lib/avr5\libm.a(mulsf3.o)
                0x00001b78                __mulsf3
 .text.avr-libc.fplib
                0x00001b7c       0xc2 c:/program files (x86)/atmel/atmel toolchain/avr8 gcc/native/3.4.1061/avr8-gnu-toolchain/bin/../lib/gcc/avr/4.8.1/../../../../avr/lib/avr5\libm.a(mulsf3x.o)
                0x00001b90                __mulsf3x
                0x00001b94                __mulsf3_pse
 .text.avr-libc.fplib
                0x00001c3e       0x84 c:/program files (x86)/atmel/atmel toolchain/avr8 gcc/native/3.4.1061/avr8-gnu-toolchain/bin/../lib/gcc/avr/4.8.1/../../../../avr/lib/avr5\libm.a(sqrt.o)
                0x00001c46                sqrt
 .text.avr-libc.fplib
                0x00001cc2        0x6 c:/program files (x86)/atmel/atmel toolchain/avr8 gcc/native/3.4.1061/avr8-gnu-toolchain/bin/../lib/gcc/avr/4.8.1/../../../../avr/lib/avr5\libm.a(square.o)
                0x00001cc2                square
 .text.avr-libc.fplib
                0x00001cc8       0x1c c:/program files (x86)/atmel/atmel toolchain/avr8 gcc/native/3.4.1061/avr8-gnu-toolchain/bin/../lib/gcc/avr/4.8.1/../../../../avr/lib/avr5\libm.a(fp_mpack.o)
                0x00001cc8                __fp_mpack
                0x00001ccc                __fp_mpack_finite
 .text.avr-libc.fplib
                0x00001ce4        0xe c:/program files (x86)/atmel/atmel toolchain/avr8 gcc/native/3.4.1061/avr8-gnu-toolchain/bin/../lib/gcc/avr/4.8.1/../../../../avr/lib/avr5\libm.a(fp_norm2.o)
                0x00001ce4                __fp_norm2
 .text.libgcc.div
                0x00001cf2       0x28 c:/program files (x86)/atmel/atmel toolchain/avr8 gcc/native/3.4.1061/avr8-gnu-toolchain/bin/../lib/gcc/avr/4.8.1/avr5\libgcc.a(_divmodhi4.o)
                0x00001cf2                _div
                0x00001cf2                __divmodhi4
 .text.libgcc.div
                0x00001d1a       0x2e c:/program files (x86)/atmel/atmel toolchain/avr8 gcc/native/3.4.1061/avr8-gnu-toolchain/bin/../lib/gcc/avr/4.8.1/avr5\libgcc.a(_divmodsi4.o)
                0x00001d1a                __divmodsi4
 .text.libgcc.div
                0x00001d48       0x10 c:/program files (x86)/atmel/atmel toolchain/avr8 gcc/native/3.4.1061/avr8-gnu-toolchain/bin/../lib/gcc/avr/4.8.1/avr5\libgcc.a(_negsi2.o)
                0x00001d48                __negsi2
 .text.libgcc.div
                0x00001d58       0x28 c:/program files (x86)/atmel/atmel toolchain/avr8 gcc/native/3.4.1061/avr8-gnu-toolchain/bin/../lib/gcc/avr/4.8.1/avr5\libgcc.a(_udivmodhi4.o)
                0x00001d58                __udivmodhi4
 .text.libgcc.div
                0x00001d80       0x44 c:/program files (x86)/atmel/atmel toolchain/avr8 gcc/native/3.4.1061/avr8-gnu-toolchain/bin/../lib/gcc/avr/4.8.1/avr5\libgcc.a(_udivmodsi4.o)
                0x00001d80                __udivmodsi4
 .text.avr-libc
                0x00001dc4      0x24e c:/program files (x86)/atmel/atmel toolchain/avr8 gcc/native/3.4.1061/avr8-gnu-toolchain/bin/../lib/gcc/avr/4.8.1/../../../../avr/lib/avr5\libc.a(malloc.o)
                0x00001dc4                malloc
                0x00001ef4                free
 .text.avr-libc
                0x00002012      0x194 c:/program files (x86)/atmel/atmel toolchain/avr8 gcc/native/3.4.1061/avr8-gnu-toolchain/bin/../lib/gcc/avr/4.8.1/../../../../avr/lib/avr5\libc.a(realloc.o)
                0x00002012                realloc
 .text.avr-libc
                0x000021a6       0x12 c:/program files (x86)/atmel/atmel toolchain/avr8 gcc/native/3.4.1061/avr8-gnu-toolchain/bin/../lib/gcc/avr/4.8.1/../../../../avr/lib/avr5\libc.a(memcpy.o)
                0x000021a6                memcpy
 .text.avr-libc
                0x000021b8       0x96 c:/program files (x86)/atmel/atmel toolchain/avr8 gcc/native/3.4.1061/avr8-gnu-toolchain/bin/../lib/gcc/avr/4.8.1/../../../../avr/lib/avr5\libc.a(fdevopen.o)
                0x000021b8                fdevopen
 .text.avr-libc
                0x0000224e       0x5a c:/program files (x86)/atmel/atmel toolchain/avr8 gcc/native/3.4.1061/avr8-gnu-toolchain/bin/../lib/gcc/avr/4.8.1/../../../../avr/lib/avr5\libc.a(puts.o)
                0x0000224e                puts
 .text.avr-libc
                0x000022a8       0x38 c:/program files (x86)/atmel/atmel toolchain/avr8 gcc/native/3.4.1061/avr8-gnu-toolchain/bin/../lib/gcc/avr/4.8.1/../../../../avr/lib/avr5\libc.a(calloc.o)
                0x000022a8                calloc
 .text.avr-libc
                0x000022e0        0xe c:/program files (x86)/atmel/atmel toolchain/avr8 gcc/native/3.4.1061/avr8-gnu-toolchain/bin/../lib/gcc/avr/4.8.1/../../../../avr/lib/avr5\libc.a(memset.o)
                0x000022e0                memset
 .text.libgcc.prologue
                0x000022ee       0x38 c:/program files (x86)/atmel/atmel toolchain/avr8 gcc/native/3.4.1061/avr8-gnu-toolchain/bin/../lib/gcc/avr/4.8.1/avr5\libgcc.a(_prologue.o)
                0x000022ee                __prologue_saves__
 .text.libgcc.prologue
                0x00002326       0x36 c:/program files (x86)/atmel/atmel toolchain/avr8 gcc/native/3.4.1061/avr8-gnu-toolchain/bin/../lib/gcc/avr/4.8.1/avr5\libgcc.a(_epilogue.o)
                0x00002326                __epilogue_restores__
                0x0000235c                . = ALIGN (0x2)
 *(.fini9)
 .fini9         0x0000235c        0x0 c:/program files (x86)/atmel/atmel toolchain/avr8 gcc/native/3.4.1061/avr8-gnu-toolchain/bin/../lib/gcc/avr/4.8.1/avr5\libgcc.a(_exit.o)
                0x0000235c                _exit
                0x0000235c                exit
 *(.fini9)
 *(.fini8)
 *(.fini8)
 *(.fini7)
 *(.fini7)
 *(.fini6)
 *(.fini6)
 *(.fini5)
 *(.fini5)
 *(.fini4)
 *(.fini4)
 *(.fini3)
 *(.fini3)
 *(.fini2)
 *(.fini2)
 *(.fini1)
 *(.fini1)
 *(.fini0)
 .fini0         0x0000235c        0x4 c:/program files (x86)/atmel/atmel toolchain/avr8 gcc/native/3.4.1061/avr8-gnu-toolchain/bin/../lib/gcc/avr/4.8.1/avr5\libgcc.a(_exit.o)
 *(.fini0)
                0x00002360                _etext = .

.data           0x00800100      0x13c load address 0x00002360
                0x00800100                PROVIDE (__data_start, .)
 *(.data)
 .data          0x00800100        0x6 c:/program files (x86)/atmel/atmel toolchain/avr8 gcc/native/3.4.1061/avr8-gnu-toolchain/bin/../lib/gcc/avr/4.8.1/../../../../avr/lib/avr5\libc.a(malloc.o)
                0x00800100                __malloc_heap_end
                0x00800102                __malloc_heap_start
                0x00800104                __malloc_margin
 *(.data*)
 .data.ymax     0x00800106        0x2 joy.o
                0x00800106                ymax
 .data.ymean    0x00800108        0x2 joy.o
                0x00800108                ymean
 .data.xmax     0x0080010a        0x2 joy.o
                0x0080010a                xmax
 .data.xmean    0x0080010c        0x2 joy.o
                0x0080010c                xmean
 .data.current_menu
                0x0080010e        0x2 menu.o
                0x0080010e                current_menu
 .data.contro   0x00800110        0xe menu.o
                0x00800110                contro
 .data.control  0x0080011e        0xe menu.o
                0x0080011e                control
 .data.highscore
                0x0080012c        0xe menu.o
                0x0080012c                highscore
 .data.options  0x0080013a        0xe menu.o
                0x0080013a                options
 .data.difficulty
                0x00800148        0xe menu.o
                0x00800148                difficulty
 .data.main_menu
                0x00800156        0xe menu.o
                0x00800156                main_menu
 .data.oled_front_buffer
                0x00800164        0x2 oled.o
                0x00800164                oled_front_buffer
 .data.oled_back_buffer
                0x00800166        0x2 oled.o
                0x00800166                oled_back_buffer
 .data.oled_command
                0x00800168        0x2 oled.o
                0x00800168                oled_command
 .data.doublebuffering
                0x0080016a        0x2 oled.o
                0x0080016a                doublebuffering
 *(.rodata)
 .rodata        0x0080016c       0x1c menu.o
 *(.rodata*)
 .rodata.str1.1
                0x00800188       0x12 main.o
 .rodata.str1.1
                0x0080019a       0xa1 menu.o
 *(.gnu.linkonce.d*)
                0x0080023c                . = ALIGN (0x2)
 *fill*         0x0080023b        0x1 
                0x0080023c                _edata = .
                0x0080023c                PROVIDE (__data_end, .)

.bss            0x0080023c       0x18
                0x0080023c                PROVIDE (__bss_start, .)
 *(.bss)
 *(.bss*)
 .bss.ymin      0x0080023c        0x2 joy.o
                0x0080023c                ymin
 .bss.xmin      0x0080023e        0x2 joy.o
                0x0080023e                xmin
 .bss.z         0x00800240        0x2 joy.o
                0x00800240                z
 .bss.joy_moved
                0x00800242        0x2 menu.o
                0x00800242                joy_moved
 .bss.oled_back_buffer_index
                0x00800244        0x2 oled.o
                0x00800244                oled_back_buffer_index
 *(COMMON)
 COMMON         0x00800246        0x4 joy.o
                0x00800246                x
                0x00800248                y
 COMMON         0x0080024a        0x4 c:/program files (x86)/atmel/atmel toolchain/avr8 gcc/native/3.4.1061/avr8-gnu-toolchain/bin/../lib/gcc/avr/4.8.1/../../../../avr/lib/avr5\libc.a(malloc.o)
                0x0080024a                __brkval
                0x0080024c                __flp
 COMMON         0x0080024e        0x6 c:/program files (x86)/atmel/atmel toolchain/avr8 gcc/native/3.4.1061/avr8-gnu-toolchain/bin/../lib/gcc/avr/4.8.1/../../../../avr/lib/avr5\libc.a(iob.o)
                0x0080024e                __iob
                0x00800254                PROVIDE (__bss_end, .)
                0x00002360                __data_load_start = LOADADDR (.data)
                0x0000249c                __data_load_end = (__data_load_start + SIZEOF (.data))

.noinit         0x00800254        0x0
                0x00800254                PROVIDE (__noinit_start, .)
 *(.noinit*)
                0x00800254                PROVIDE (__noinit_end, .)
                0x00800254                _end = .
                0x00800254                PROVIDE (__heap_start, .)

.eeprom         0x00810000        0x0
 *(.eeprom*)
                0x00810000                __eeprom_end = .

.fuse
 *(.fuse)
 *(.lfuse)
 *(.hfuse)
 *(.efuse)

.lock
 *(.lock*)

.signature
 *(.signature*)

.user_signatures
 *(.user_signatures*)

.stab
 *(.stab)

.stabstr
 *(.stabstr)

.stab.excl
 *(.stab.excl)

.stab.exclstr
 *(.stab.exclstr)

.stab.index
 *(.stab.index)

.stab.indexstr
 *(.stab.indexstr)

.comment        0x00000000       0x30
 *(.comment)
 .comment       0x00000000       0x30 adc.o
                                 0x31 (size before relaxing)
 .comment       0x00000000       0x31 can.o
 .comment       0x00000000       0x31 joy.o
 .comment       0x00000000       0x31 main.o
 .comment       0x00000000       0x31 mcp.o
 .comment       0x00000000       0x31 menu.o
 .comment       0x00000000       0x31 oled.o
 .comment       0x00000000       0x31 spi.o
 .comment       0x00000000       0x31 touch.o
 .comment       0x00000000       0x31 uart.o
 .comment       0x00000000       0x31 c:/program files (x86)/atmel/atmel toolchain/avr8 gcc/native/3.4.1061/avr8-gnu-toolchain/bin/../lib/gcc/avr/4.8.1/../../../../avr/lib/avr5\libc.a(malloc.o)
 .comment       0x00000000       0x31 c:/program files (x86)/atmel/atmel toolchain/avr8 gcc/native/3.4.1061/avr8-gnu-toolchain/bin/../lib/gcc/avr/4.8.1/../../../../avr/lib/avr5\libc.a(realloc.o)
 .comment       0x00000000       0x31 c:/program files (x86)/atmel/atmel toolchain/avr8 gcc/native/3.4.1061/avr8-gnu-toolchain/bin/../lib/gcc/avr/4.8.1/../../../../avr/lib/avr5\libc.a(fdevopen.o)
 .comment       0x00000000       0x31 c:/program files (x86)/atmel/atmel toolchain/avr8 gcc/native/3.4.1061/avr8-gnu-toolchain/bin/../lib/gcc/avr/4.8.1/../../../../avr/lib/avr5\libc.a(iob.o)
 .comment       0x00000000       0x31 c:/program files (x86)/atmel/atmel toolchain/avr8 gcc/native/3.4.1061/avr8-gnu-toolchain/bin/../lib/gcc/avr/4.8.1/../../../../avr/lib/avr5\libc.a(puts.o)
 .comment       0x00000000       0x31 c:/program files (x86)/atmel/atmel toolchain/avr8 gcc/native/3.4.1061/avr8-gnu-toolchain/bin/../lib/gcc/avr/4.8.1/../../../../avr/lib/avr5\libc.a(calloc.o)

.note.gnu.build-id
 *(.note.gnu.build-id)

.debug
 *(.debug)

.line
 *(.line)

.debug_srcinfo
 *(.debug_srcinfo)

.debug_sfnames
 *(.debug_sfnames)

.debug_aranges  0x00000000      0x2a0
 *(.debug_aranges)
 .debug_aranges
                0x00000000       0x28 adc.o
 .debug_aranges
                0x00000028       0x48 can.o
 .debug_aranges
                0x00000070       0x48 joy.o
 .debug_aranges
                0x000000b8       0x20 main.o
 .debug_aranges
                0x000000d8       0x58 mcp.o
 .debug_aranges
                0x00000130       0x48 menu.o
 .debug_aranges
                0x00000178       0xa0 oled.o
 .debug_aranges
                0x00000218       0x28 spi.o
 .debug_aranges
                0x00000240       0x30 touch.o
 .debug_aranges
                0x00000270       0x30 uart.o

.debug_pubnames
 *(.debug_pubnames)

.debug_info     0x00000000     0x2e37
 *(.debug_info .gnu.linkonce.wi.*)
 .debug_info    0x00000000       0xcf adc.o
 .debug_info    0x000000cf      0x61d can.o
 .debug_info    0x000006ec      0x601 joy.o
 .debug_info    0x00000ced      0x3a2 main.o
 .debug_info    0x0000108f      0x3ef mcp.o
 .debug_info    0x0000147e      0x861 menu.o
 .debug_info    0x00001cdf      0xbea oled.o
 .debug_info    0x000028c9       0xcc spi.o
 .debug_info    0x00002995      0x2a6 touch.o
 .debug_info    0x00002c3b      0x1fc uart.o

.debug_abbrev   0x00000000      0xf5d
 *(.debug_abbrev)
 .debug_abbrev  0x00000000       0x99 adc.o
 .debug_abbrev  0x00000099      0x1bc can.o
 .debug_abbrev  0x00000255      0x205 joy.o
 .debug_abbrev  0x0000045a      0x1fa main.o
 .debug_abbrev  0x00000654      0x178 mcp.o
 .debug_abbrev  0x000007cc      0x209 menu.o
 .debug_abbrev  0x000009d5      0x262 oled.o
 .debug_abbrev  0x00000c37       0x7e spi.o
 .debug_abbrev  0x00000cb5      0x15f touch.o
 .debug_abbrev  0x00000e14      0x149 uart.o

.debug_line     0x00000000      0xd71
 *(.debug_line .debug_line.* .debug_line_end)
 .debug_line    0x00000000       0xc7 adc.o
 .debug_line    0x000000c7       0xfc can.o
 .debug_line    0x000001c3      0x183 joy.o
 .debug_line    0x00000346      0x1bd main.o
 .debug_line    0x00000503      0x14f mcp.o
 .debug_line    0x00000652      0x1b9 menu.o
 .debug_line    0x0000080b      0x2ae oled.o
 .debug_line    0x00000ab9       0xc7 spi.o
 .debug_line    0x00000b80       0xfd touch.o
 .debug_line    0x00000c7d       0xf4 uart.o

.debug_frame    0x00000000      0x864
 *(.debug_frame)
 .debug_frame   0x00000000       0x34 adc.o
 .debug_frame   0x00000034      0x148 can.o
 .debug_frame   0x0000017c      0x15c joy.o
 .debug_frame   0x000002d8       0x34 main.o
 .debug_frame   0x0000030c       0xd4 mcp.o
 .debug_frame   0x000003e0      0x118 menu.o
 .debug_frame   0x000004f8      0x25c oled.o
 .debug_frame   0x00000754       0x34 spi.o
 .debug_frame   0x00000788       0x8c touch.o
 .debug_frame   0x00000814       0x50 uart.o

.debug_str      0x00000000      0x874
 *(.debug_str)
 .debug_str     0x00000000      0x133 adc.o
                                0x16c (size before relaxing)
 .debug_str     0x00000133       0xe1 can.o
                                0x224 (size before relaxing)
 .debug_str     0x00000214      0x16e joy.o
                                0x2c8 (size before relaxing)
 .debug_str     0x00000382       0xb3 main.o
                                0x284 (size before relaxing)
 .debug_str     0x00000435       0x56 mcp.o
                                0x212 (size before relaxing)
 .debug_str     0x0000048b      0x139 menu.o
                                0x32e (size before relaxing)
 .debug_str     0x000005c4      0x1bb oled.o
                                0x365 (size before relaxing)
 .debug_str     0x0000077f       0x16 spi.o
                                0x179 (size before relaxing)
 .debug_str     0x00000795       0x89 touch.o
                                0x1ac (size before relaxing)
 .debug_str     0x0000081e       0x56 uart.o
                                0x1a9 (size before relaxing)

.debug_loc      0x00000000     0x2367
 *(.debug_loc)
 .debug_loc     0x00000000       0x6c adc.o
 .debug_loc     0x0000006c      0x569 can.o
 .debug_loc     0x000005d5      0x523 joy.o
 .debug_loc     0x00000af8       0x47 main.o
 .debug_loc     0x00000b3f      0x305 mcp.o
 .debug_loc     0x00000e44      0x4cf menu.o
 .debug_loc     0x00001313      0xd28 oled.o
 .debug_loc     0x0000203b       0x63 spi.o
 .debug_loc     0x0000209e      0x226 touch.o
 .debug_loc     0x000022c4       0xa3 uart.o

.debug_macinfo
 *(.debug_macinfo)

.debug_weaknames
 *(.debug_weaknames)

.debug_funcnames
 *(.debug_funcnames)

.debug_typenames
 *(.debug_typenames)

.debug_varnames
 *(.debug_varnames)

.debug_pubtypes
 *(.debug_pubtypes)

.debug_ranges   0x00000000      0x260
 *(.debug_ranges)
 .debug_ranges  0x00000000       0x18 adc.o
 .debug_ranges  0x00000018       0x50 can.o
 .debug_ranges  0x00000068       0x38 joy.o
 .debug_ranges  0x000000a0       0x10 main.o
 .debug_ranges  0x000000b0       0x48 mcp.o
 .debug_ranges  0x000000f8       0x38 menu.o
 .debug_ranges  0x00000130       0xd8 oled.o
 .debug_ranges  0x00000208       0x18 spi.o
 .debug_ranges  0x00000220       0x20 touch.o
 .debug_ranges  0x00000240       0x20 uart.o

.debug_macro
 *(.debug_macro)
OUTPUT(Node1.elf elf32-avr)
LOAD linker stubs
