Archive member included because of file (symbol)

c:/program files (x86)/atmel/atmel toolchain/avr8 gcc/native/3.4.1061/avr8-gnu-toolchain/bin/../lib/gcc/avr/4.8.1/../../../../avr/lib/avr5\libm.a(atan2.o)
                              joy.o (atan2)
c:/program files (x86)/atmel/atmel toolchain/avr8 gcc/native/3.4.1061/avr8-gnu-toolchain/bin/../lib/gcc/avr/4.8.1/../../../../avr/lib/avr5\libm.a(atan.o)
                              c:/program files (x86)/atmel/atmel toolchain/avr8 gcc/native/3.4.1061/avr8-gnu-toolchain/bin/../lib/gcc/avr/4.8.1/../../../../avr/lib/avr5\libm.a(atan2.o) (atan)
c:/program files (x86)/atmel/atmel toolchain/avr8 gcc/native/3.4.1061/avr8-gnu-toolchain/bin/../lib/gcc/avr/4.8.1/../../../../avr/lib/avr5\libm.a(divsf3x.o)
                              c:/program files (x86)/atmel/atmel toolchain/avr8 gcc/native/3.4.1061/avr8-gnu-toolchain/bin/../lib/gcc/avr/4.8.1/../../../../avr/lib/avr5\libm.a(atan2.o) (__divsf3_pse)
c:/program files (x86)/atmel/atmel toolchain/avr8 gcc/native/3.4.1061/avr8-gnu-toolchain/bin/../lib/gcc/avr/4.8.1/../../../../avr/lib/avr5\libm.a(fixsfsi.o)
                              joy.o (__fixsfsi)
c:/program files (x86)/atmel/atmel toolchain/avr8 gcc/native/3.4.1061/avr8-gnu-toolchain/bin/../lib/gcc/avr/4.8.1/../../../../avr/lib/avr5\libm.a(fixunssfsi.o)
                              c:/program files (x86)/atmel/atmel toolchain/avr8 gcc/native/3.4.1061/avr8-gnu-toolchain/bin/../lib/gcc/avr/4.8.1/../../../../avr/lib/avr5\libm.a(fixsfsi.o) (__fixunssfsi)
c:/program files (x86)/atmel/atmel toolchain/avr8 gcc/native/3.4.1061/avr8-gnu-toolchain/bin/../lib/gcc/avr/4.8.1/../../../../avr/lib/avr5\libm.a(floatsisf.o)
                              joy.o (__floatunsisf)
c:/program files (x86)/atmel/atmel toolchain/avr8 gcc/native/3.4.1061/avr8-gnu-toolchain/bin/../lib/gcc/avr/4.8.1/../../../../avr/lib/avr5\libm.a(fp_inf.o)
                              c:/program files (x86)/atmel/atmel toolchain/avr8 gcc/native/3.4.1061/avr8-gnu-toolchain/bin/../lib/gcc/avr/4.8.1/../../../../avr/lib/avr5\libm.a(divsf3x.o) (__fp_inf)
c:/program files (x86)/atmel/atmel toolchain/avr8 gcc/native/3.4.1061/avr8-gnu-toolchain/bin/../lib/gcc/avr/4.8.1/../../../../avr/lib/avr5\libm.a(fp_nan.o)
                              c:/program files (x86)/atmel/atmel toolchain/avr8 gcc/native/3.4.1061/avr8-gnu-toolchain/bin/../lib/gcc/avr/4.8.1/../../../../avr/lib/avr5\libm.a(atan2.o) (__fp_nan)
c:/program files (x86)/atmel/atmel toolchain/avr8 gcc/native/3.4.1061/avr8-gnu-toolchain/bin/../lib/gcc/avr/4.8.1/../../../../avr/lib/avr5\libm.a(fp_powser.o)
                              c:/program files (x86)/atmel/atmel toolchain/avr8 gcc/native/3.4.1061/avr8-gnu-toolchain/bin/../lib/gcc/avr/4.8.1/../../../../avr/lib/avr5\libm.a(atan.o) (__fp_powser)
c:/program files (x86)/atmel/atmel toolchain/avr8 gcc/native/3.4.1061/avr8-gnu-toolchain/bin/../lib/gcc/avr/4.8.1/../../../../avr/lib/avr5\libm.a(fp_pscA.o)
                              c:/program files (x86)/atmel/atmel toolchain/avr8 gcc/native/3.4.1061/avr8-gnu-toolchain/bin/../lib/gcc/avr/4.8.1/../../../../avr/lib/avr5\libm.a(atan2.o) (__fp_pscA)
c:/program files (x86)/atmel/atmel toolchain/avr8 gcc/native/3.4.1061/avr8-gnu-toolchain/bin/../lib/gcc/avr/4.8.1/../../../../avr/lib/avr5\libm.a(fp_pscB.o)
                              c:/program files (x86)/atmel/atmel toolchain/avr8 gcc/native/3.4.1061/avr8-gnu-toolchain/bin/../lib/gcc/avr/4.8.1/../../../../avr/lib/avr5\libm.a(atan2.o) (__fp_pscB)
c:/program files (x86)/atmel/atmel toolchain/avr8 gcc/native/3.4.1061/avr8-gnu-toolchain/bin/../lib/gcc/avr/4.8.1/../../../../avr/lib/avr5\libm.a(fp_round.o)
                              c:/program files (x86)/atmel/atmel toolchain/avr8 gcc/native/3.4.1061/avr8-gnu-toolchain/bin/../lib/gcc/avr/4.8.1/../../../../avr/lib/avr5\libm.a(atan2.o) (__fp_round)
c:/program files (x86)/atmel/atmel toolchain/avr8 gcc/native/3.4.1061/avr8-gnu-toolchain/bin/../lib/gcc/avr/4.8.1/../../../../avr/lib/avr5\libm.a(fp_split3.o)
                              c:/program files (x86)/atmel/atmel toolchain/avr8 gcc/native/3.4.1061/avr8-gnu-toolchain/bin/../lib/gcc/avr/4.8.1/../../../../avr/lib/avr5\libm.a(atan2.o) (__fp_split3)
c:/program files (x86)/atmel/atmel toolchain/avr8 gcc/native/3.4.1061/avr8-gnu-toolchain/bin/../lib/gcc/avr/4.8.1/../../../../avr/lib/avr5\libm.a(fp_zero.o)
                              c:/program files (x86)/atmel/atmel toolchain/avr8 gcc/native/3.4.1061/avr8-gnu-toolchain/bin/../lib/gcc/avr/4.8.1/../../../../avr/lib/avr5\libm.a(atan2.o) (__fp_zero)
c:/program files (x86)/atmel/atmel toolchain/avr8 gcc/native/3.4.1061/avr8-gnu-toolchain/bin/../lib/gcc/avr/4.8.1/../../../../avr/lib/avr5\libm.a(inverse.o)
                              c:/program files (x86)/atmel/atmel toolchain/avr8 gcc/native/3.4.1061/avr8-gnu-toolchain/bin/../lib/gcc/avr/4.8.1/../../../../avr/lib/avr5\libm.a(atan.o) (inverse)
[...]
Memory Configuration

Name             Origin             Length             Attributes
text             0x00000000         0x00020000         xr
data             0x00800060         0x0000ffa0         rw !x
eeprom           0x00810000         0x00010000         rw !x
fuse             0x00820000         0x00000400         rw !x
lock             0x00830000         0x00000400         rw !x
signature        0x00840000         0x00000400         rw !x
user_signatures  0x00850000         0x00000400         rw !x
*default*        0x00000000         0xffffffff

Linker script and memory map

Address of section .data set to 0x800100
LOAD c:/program files (x86)/atmel/atmel toolchain/avr8 gcc/native/3.4.1061/avr8-gnu-toolchain/bin/../lib/gcc/avr/4.8.1/../../../../avr/lib/avr5/crtm162.o
LOAD adc.o
LOAD can.o
LOAD joy.o
LOAD main.o
LOAD mcp.o
LOAD menu.o
LOAD oled.o
LOAD spi.o
LOAD sram.o
LOAD touch.o
LOAD uart.o
START GROUP
LOAD c:/program files (x86)/atmel/atmel toolchain/avr8 gcc/native/3.4.1061/avr8-gnu-toolchain/bin/../lib/gcc/avr/4.8.1/../../../../avr/lib/avr5\libm.a
END GROUP
START GROUP
LOAD c:/program files (x86)/atmel/atmel toolchain/avr8 gcc/native/3.4.1061/avr8-gnu-toolchain/bin/../lib/gcc/avr/4.8.1/avr5\libgcc.a
LOAD c:/program files (x86)/atmel/atmel toolchain/avr8 gcc/native/3.4.1061/avr8-gnu-toolchain/bin/../lib/gcc/avr/4.8.1/../../../../avr/lib/avr5\libm.a
LOAD c:/program files (x86)/atmel/atmel toolchain/avr8 gcc/native/3.4.1061/avr8-gnu-toolchain/bin/../lib/gcc/avr/4.8.1/../../../../avr/lib/avr5\libc.a
END GROUP

.hash
 *(.hash)

.dynsym
 *(.dynsym)

.dynstr
 *(.dynstr)

.gnu.version
 *(.gnu.version)

.gnu.version_d
 *(.gnu.version_d)

.gnu.version_r
 *(.gnu.version_r)

.rel.init
 *(.rel.init)

.rela.init
 *(.rela.init)

.rel.text
 *(.rel.text)
 *(.rel.text.*)
 *(.rel.gnu.linkonce.t*)

.rela.text
 *(.rela.text)
 *(.rela.text.*)
 *(.rela.gnu.linkonce.t*)

.rel.fini
 *(.rel.fini)

.rela.fini
 *(.rela.fini)

.rel.rodata
 *(.rel.rodata)
 *(.rel.rodata.*)
 *(.rel.gnu.linkonce.r*)

.rela.rodata
 *(.rela.rodata)
 *(.rela.rodata.*)
 *(.rela.gnu.linkonce.r*)

.rel.data
 *(.rel.data)
 *(.rel.data.*)
 *(.rel.gnu.linkonce.d*)

.rela.data
 *(.rela.data)
 *(.rela.data.*)
 *(.rela.gnu.linkonce.d*)

.rel.ctors
 *(.rel.ctors)

.rela.ctors
 *(.rela.ctors)

.rel.dtors
 *(.rel.dtors)

.rela.dtors
 *(.rela.dtors)

.rel.got
 *(.rel.got)

.rela.got
 *(.rela.got)

.rel.bss
 *(.rel.bss)

.rela.bss
 *(.rela.bss)

.rel.plt
 *(.rel.plt)

.rela.plt
 *(.rela.plt)

.text           0x00000000     0x234c
 *(.vectors)
 .vectors       0x00000000       0x70 c:/program files (x86)/atmel/atmel toolchain/avr8 gcc/native/3.4.1061/avr8-gnu-toolchain/bin/../lib/gcc/avr/4.8.1/../../../../avr/lib/avr5/crtm162.o
                0x00000000                __vector_default
                0x00000000                __vectors
 *(.vectors)
 *(.progmem.gcc*)
 .progmem.gcc_fplib
                0x00000070       0x2d c:/program files (x86)/atmel/atmel toolchain/avr8 gcc/native/3.4.1061/avr8-gnu-toolchain/bin/../lib/gcc/avr/4.8.1/../../../../avr/lib/avr5\libm.a(atan.o)
                0x0000009e                . = ALIGN (0x2)
 *fill*         0x0000009d        0x1 
                0x0000009e                __trampolines_start = .
 *(.trampolines)
 .trampolines   0x0000009e        0x0 linker stubs
 *(.trampolines*)
                0x0000009e                __trampolines_end = .
 *(.progmem*)
 .progmem.data.font4
                0x0000009e      0x17c oled.o
                0x0000009e                font4
 .progmem.data.font5
                0x0000021a      0x1db oled.o
                0x0000021a                font5
 .progmem.data.font8
                0x000003f5      0x2f8 oled.o
                0x000003f5                font8
                0x000006ee                . = ALIGN (0x2)
 *fill*         0x000006ed        0x1 
 *(.jumptables)
 *(.jumptables*)
 *(.lowtext)
 *(.lowtext*)
                0x000006ee                __ctors_start = .
 *(.ctors)
                0x000006ee                __ctors_end = .
                0x000006ee                __dtors_start = .
 *(.dtors)
                0x000006ee                __dtors_end = .
 SORT(*)(.ctors)
 SORT(*)(.dtors)
 *(.init0)
 .init0         0x000006ee        0x0 c:/program files (x86)/atmel/atmel toolchain/avr8 gcc/native/3.4.1061/avr8-gnu-toolchain/bin/../lib/gcc/avr/4.8.1/../../../../avr/lib/avr5/crtm162.o
                0x000006ee                __init
 *(.init0)
 *(.init1)
 *(.init1)
 *(.init2)
 .init2         0x000006ee        0xc c:/program files (x86)/atmel/atmel toolchain/avr8 gcc/native/3.4.1061/avr8-gnu-toolchain/bin/../lib/gcc/avr/4.8.1/../../../../avr/lib/avr5/crtm162.o
 *(.init2)
 *(.init3)
 *(.init3)
 *(.init4)
 .init4         0x000006fa       0x16 c:/program files (x86)/atmel/atmel toolchain/avr8 gcc/native/3.4.1061/avr8-gnu-toolchain/bin/../lib/gcc/avr/4.8.1/avr5\libgcc.a(_copy_data.o)
                0x000006fa                __do_copy_data
 .init4         0x00000710       0x10 c:/program files (x86)/atmel/atmel toolchain/avr8 gcc/native/3.4.1061/avr8-gnu-toolchain/bin/../lib/gcc/avr/4.8.1/avr5\libgcc.a(_clear_bss.o)
                0x00000710                __do_clear_bss
 *(.init4)
 *(.init5)
 *(.init5)
 *(.init6)
 *(.init6)
 *(.init7)
 *(.init7)
 *(.init8)
 *(.init8)
 *(.init9)
 .init9         0x00000720        0x8 c:/program files (x86)/atmel/atmel toolchain/avr8 gcc/native/3.4.1061/avr8-gnu-toolchain/bin/../lib/gcc/avr/4.8.1/../../../../avr/lib/avr5/crtm162.o
 *(.init9)
 *(.text)
 .text          0x00000728        0x4 c:/program files (x86)/atmel/atmel toolchain/avr8 gcc/native/3.4.1061/avr8-gnu-toolchain/bin/../lib/gcc/avr/4.8.1/../../../../avr/lib/avr5/crtm162.o
                0x00000728                __vector_22
                0x00000728                __vector_1
                0x00000728                __vector_24
                0x00000728                __vector_12
                0x00000728                __bad_interrupt
                0x00000728                __vector_6
                0x00000728                __vector_3
                0x00000728                __vector_23
                0x00000728                __vector_25
                0x00000728                __vector_11
                0x00000728                __vector_13
                0x00000728                __vector_17
                0x00000728                __vector_19
                0x00000728                __vector_7
                0x00000728                __vector_27
                0x00000728                __vector_5
                0x00000728                __vector_4
                0x00000728                __vector_9
                0x00000728                __vector_2
                0x00000728                __vector_21
                0x00000728                __vector_15
                0x00000728                __vector_8
                0x00000728                __vector_26
                0x00000728                __vector_14
                0x00000728                __vector_10
                0x00000728                __vector_16
                0x00000728                __vector_18
                0x00000728                __vector_20
                0x0000072c                . = ALIGN (0x2)
 *(.text.*)
 .text.adc_init
                0x0000072c        0x4 adc.o
                0x0000072c                adc_init
 .text.adc_read
                0x00000730       0x38 adc.o
                0x00000730                adc_read
 .text.can_init
                0x00000768       0x26 can.o
                0x00000768                can_init
 .text.can_write
                0x0000078e       0x94 can.o
                0x0000078e                can_write
 .text.can_read
                0x00000822       0x4e can.o
                0x00000822                can_read
 .text.joy_get_position
                0x00000870      0x13e joy.o
                0x00000870                joy_get_position
 .text.joy_get_position_polar
                0x000009ae       0xd0 joy.o
                0x000009ae                joy_get_position_polar
 .text.joy_get_direction
                0x00000a7e       0x3e joy.o
                0x00000a7e                joy_get_direction
 .text.main     0x00000abc       0x90 main.o
                0x00000abc                main
 .text.mcp_read
                0x00000b4c       0x1e mcp.o
                0x00000b4c                mcp_read
 .text.mcp_write
                0x00000b6a       0x24 mcp.o
                0x00000b6a                mcp_write
 .text.mcp_request_to_send
                0x00000b8e       0x20 mcp.o
                0x00000b8e                mcp_request_to_send
 .text.mcp_bit_modify
                0x00000bae       0x30 mcp.o
                0x00000bae                mcp_bit_modify
 .text.mcp_reset
                0x00000bde        0xc mcp.o
                0x00000bde                mcp_reset
 .text.draw_list
                0x00000bea       0xb8 menu.o
                0x00000bea                draw_list
 .text.draw_menu
                0x00000ca2      0x264 menu.o
                0x00000ca2                draw_menu
 .text.add_entries
                0x00000f06       0xa8 menu.o
                0x00000f06                add_entries
 .text.add_sub_menu
                0x00000fae       0xe2 menu.o
                0x00000fae                add_sub_menu
 .text.menu_init
                0x00001090       0xf2 menu.o
                0x00001090                menu_init
 .text.oled_write_data
                0x00001182       0x56 oled.o
                0x00001182                oled_write_data
 .text.oled_print_char
                0x000011d8       0xb6 oled.o
                0x000011d8                oled_print_char
 .text.oled_read_data
                0x0000128e       0x3e oled.o
                0x0000128e                oled_read_data
 .text.oled_goto_line
                0x000012cc       0x4e oled.o
                0x000012cc                oled_goto_line
 .text.oled_goto_column
                0x0000131a       0x54 oled.o
                0x0000131a                oled_goto_column
 .text.oled_print_string
                0x0000136e       0xb0 oled.o
                0x0000136e                oled_print_string
 .text.oled_clear_line
                0x0000141e       0x20 oled.o
                0x0000141e                oled_clear_line
 .text.oled_clear_screen
                0x0000143e       0x1c oled.o
                0x0000143e                oled_clear_screen
 .text.oled_init
                0x0000145a      0x10c oled.o
                0x0000145a                oled_init
 .text.oled_refresh
                0x00001566       0x70 oled.o
                0x00001566                oled_refresh
 .text.oled_invert_pixel
                0x000015d6       0x58 oled.o
                0x000015d6                oled_invert_pixel
 .text.oled_invert_rectangle
                0x0000162e       0x6c oled.o
                0x0000162e                oled_invert_rectangle
 .text.spi_master_init
                0x0000169a       0x10 spi.o
                0x0000169a                spi_master_init
 .text.spi_master_transmit
                0x000016aa        0xa spi.o
                0x000016aa                spi_master_transmit
 .text.touch_init
                0x000016b4        0x6 touch.o
                0x000016b4                touch_init
 .text.uart_putchar
                0x000016ba        0xc uart.o
                0x000016ba                uart_putchar
 .text.uart_getchar
                0x000016c6        0x8 uart.o
                0x000016c6                uart_getchar
 .text.uart_init
                0x000016ce       0x62 uart.o
                0x000016ce                uart_init
 .text.avr-libc.fplib
                0x00001730       0x74 c:/program files (x86)/atmel/atmel toolchain/avr8 gcc/native/3.4.1061/avr8-gnu-toolchain/bin/../lib/gcc/avr/4.8.1/../../../../avr/lib/avr5\libm.a(atan2.o)
                0x0000174e                atan2
 .text.avr-libc.fplib
                0x000017a4       0x50 c:/program files (x86)/atmel/atmel toolchain/avr8 gcc/native/3.4.1061/avr8-gnu-toolchain/bin/../lib/gcc/avr/4.8.1/../../../../avr/lib/avr5\libm.a(atan.o)
                0x000017a4                atan
 .text.avr-libc.fplib
                0x000017f4       0xcc c:/program files (x86)/atmel/atmel toolchain/avr8 gcc/native/3.4.1061/avr8-gnu-toolchain/bin/../lib/gcc/avr/4.8.1/../../../../avr/lib/avr5\libm.a(divsf3x.o)
                0x0000180a                __divsf3x
                0x0000180e                __divsf3_pse
 .text.avr-libc.fplib
                0x000018c0        0xa c:/program files (x86)/atmel/atmel toolchain/avr8 gcc/native/3.4.1061/avr8-gnu-toolchain/bin/../lib/gcc/avr/4.8.1/../../../../avr/lib/avr5\libm.a(fixsfsi.o)
                0x000018c0                __fixsfsi
 .text.avr-libc.fplib
                0x000018ca       0x58 c:/program files (x86)/atmel/atmel toolchain/avr8 gcc/native/3.4.1061/avr8-gnu-toolchain/bin/../lib/gcc/avr/4.8.1/../../../../avr/lib/avr5\libm.a(fixunssfsi.o)
                0x000018ca                __fixunssfsi
 .text.avr-libc.fplib
                0x00001922       0x7a c:/program files (x86)/atmel/atmel toolchain/avr8 gcc/native/3.4.1061/avr8-gnu-toolchain/bin/../lib/gcc/avr/4.8.1/../../../../avr/lib/avr5\libm.a(floatsisf.o)
                0x00001922                __floatunsisf
                0x00001926                __floatsisf
 .text.avr-libc.fplib
                0x0000199c        0xc c:/program files (x86)/atmel/atmel toolchain/avr8 gcc/native/3.4.1061/avr8-gnu-toolchain/bin/../lib/gcc/avr/4.8.1/../../../../avr/lib/avr5\libm.a(fp_inf.o)
                0x0000199c                __fp_inf
 .text.avr-libc.fplib
                0x000019a8        0x6 c:/program files (x86)/atmel/atmel toolchain/avr8 gcc/native/3.4.1061/avr8-gnu-toolchain/bin/../lib/gcc/avr/4.8.1/../../../../avr/lib/avr5\libm.a(fp_nan.o)
                0x000019a8                __fp_nan
 .text.avr-libc.fplib
                0x000019ae       0x4a c:/program files (x86)/atmel/atmel toolchain/avr8 gcc/native/3.4.1061/avr8-gnu-toolchain/bin/../lib/gcc/avr/4.8.1/../../../../avr/lib/avr5\libm.a(fp_powser.o)
                0x000019ae                __fp_powser
 .text.avr-libc.fplib
                0x000019f8        0xe c:/program files (x86)/atmel/atmel toolchain/avr8 gcc/native/3.4.1061/avr8-gnu-toolchain/bin/../lib/gcc/avr/4.8.1/../../../../avr/lib/avr5\libm.a(fp_pscA.o)
                0x000019f8                __fp_pscA
 .text.avr-libc.fplib
                0x00001a06        0xe c:/program files (x86)/atmel/atmel toolchain/avr8 gcc/native/3.4.1061/avr8-gnu-toolchain/bin/../lib/gcc/avr/4.8.1/../../../../avr/lib/avr5\libm.a(fp_pscB.o)
                0x00001a06                __fp_pscB
 .text.avr-libc.fplib
                0x00001a14       0x22 c:/program files (x86)/atmel/atmel toolchain/avr8 gcc/native/3.4.1061/avr8-gnu-toolchain/bin/../lib/gcc/avr/4.8.1/../../../../avr/lib/avr5\libm.a(fp_round.o)
                0x00001a14                __fp_round
 .text.avr-libc.fplib
                0x00001a36       0x44 c:/program files (x86)/atmel/atmel toolchain/avr8 gcc/native/3.4.1061/avr8-gnu-toolchain/bin/../lib/gcc/avr/4.8.1/../../../../avr/lib/avr5\libm.a(fp_split3.o)
                0x00001a36                __fp_split3
                0x00001a46                __fp_splitA
 .text.avr-libc.fplib
                0x00001a7a        0xe c:/program files (x86)/atmel/atmel toolchain/avr8 gcc/native/3.4.1061/avr8-gnu-toolchain/bin/../lib/gcc/avr/4.8.1/../../../../avr/lib/avr5\libm.a(fp_zero.o)
                0x00001a7a                __fp_zero
                0x00001a7c                __fp_szero
 .text.avr-libc.fplib
                0x00001a88        0xe c:/program files (x86)/atmel/atmel toolchain/avr8 gcc/native/3.4.1061/avr8-gnu-toolchain/bin/../lib/gcc/avr/4.8.1/../../../../avr/lib/avr5\libm.a(inverse.o)
                0x00001a88                inverse
 .text.avr-libc.fplib
                0x00001a96        0x4 c:/program files (x86)/atmel/atmel toolchain/avr8 gcc/native/3.4.1061/avr8-gnu-toolchain/bin/../lib/gcc/avr/4.8.1/../../../../avr/lib/avr5\libm.a(mulsf3.o)
                0x00001a96                __mulsf3
 .text.avr-libc.fplib
                0x00001a9a       0xc2 c:/program files (x86)/atmel/atmel toolchain/avr8 gcc/native/3.4.1061/avr8-gnu-toolchain/bin/../lib/gcc/avr/4.8.1/../../../../avr/lib/avr5\libm.a(mulsf3x.o)
                0x00001aae                __mulsf3x
                0x00001ab2                __mulsf3_pse
 .text.avr-libc.fplib
                0x00001b5c       0x84 c:/program files (x86)/atmel/atmel toolchain/avr8 gcc/native/3.4.1061/avr8-gnu-toolchain/bin/../lib/gcc/avr/4.8.1/../../../../avr/lib/avr5\libm.a(sqrt.o)
                0x00001b64                sqrt
 .text.avr-libc.fplib
                0x00001be0        0x6 c:/program files (x86)/atmel/atmel toolchain/avr8 gcc/native/3.4.1061/avr8-gnu-toolchain/bin/../lib/gcc/avr/4.8.1/../../../../avr/lib/avr5\libm.a(square.o)
                0x00001be0                square
 .text.avr-libc.fplib
                0x00001be6        0xa c:/program files (x86)/atmel/atmel toolchain/avr8 gcc/native/3.4.1061/avr8-gnu-toolchain/bin/../lib/gcc/avr/4.8.1/../../../../avr/lib/avr5\libm.a(addsf3.o)
                0x00001be6                __subsf3
                0x00001be8                __addsf3
 .text.avr-libc.fplib
                0x00001bf0       0xc0 c:/program files (x86)/atmel/atmel toolchain/avr8 gcc/native/3.4.1061/avr8-gnu-toolchain/bin/../lib/gcc/avr/4.8.1/../../../../avr/lib/avr5\libm.a(addsf3x.o)
                0x00001c0a                __addsf3x
 .text.avr-libc.fplib
                0x00001cb0        0x4 c:/program files (x86)/atmel/atmel toolchain/avr8 gcc/native/3.4.1061/avr8-gnu-toolchain/bin/../lib/gcc/avr/4.8.1/../../../../avr/lib/avr5\libm.a(divsf3.o)
                0x00001cb0                __divsf3
 .text.avr-libc.fplib
                0x00001cb4       0x1c c:/program files (x86)/atmel/atmel toolchain/avr8 gcc/native/3.4.1061/avr8-gnu-toolchain/bin/../lib/gcc/avr/4.8.1/../../../../avr/lib/avr5\libm.a(fp_mpack.o)
                0x00001cb4                __fp_mpack
                0x00001cb8                __fp_mpack_finite
 .text.avr-libc.fplib
                0x00001cd0        0xe c:/program files (x86)/atmel/atmel toolchain/avr8 gcc/native/3.4.1061/avr8-gnu-toolchain/bin/../lib/gcc/avr/4.8.1/../../../../avr/lib/avr5\libm.a(fp_norm2.o)
                0x00001cd0                __fp_norm2
 .text.libgcc.div
                0x00001cde       0x28 c:/program files (x86)/atmel/atmel toolchain/avr8 gcc/native/3.4.1061/avr8-gnu-toolchain/bin/../lib/gcc/avr/4.8.1/avr5\libgcc.a(_divmodhi4.o)
                0x00001cde                _div
                0x00001cde                __divmodhi4
 .text.libgcc.div
                0x00001d06       0x2e c:/program files (x86)/atmel/atmel toolchain/avr8 gcc/native/3.4.1061/avr8-gnu-toolchain/bin/../lib/gcc/avr/4.8.1/avr5\libgcc.a(_divmodsi4.o)
                0x00001d06                __divmodsi4
 .text.libgcc.div
                0x00001d34       0x10 c:/program files (x86)/atmel/atmel toolchain/avr8 gcc/native/3.4.1061/avr8-gnu-toolchain/bin/../lib/gcc/avr/4.8.1/avr5\libgcc.a(_negsi2.o)
                0x00001d34                __negsi2
 .text.libgcc.div
                0x00001d44       0x28 c:/program files (x86)/atmel/atmel toolchain/avr8 gcc/native/3.4.1061/avr8-gnu-toolchain/bin/../lib/gcc/avr/4.8.1/avr5\libgcc.a(_udivmodhi4.o)
                0x00001d44                __udivmodhi4
 .text.libgcc.div
                0x00001d6c       0x44 c:/program files (x86)/atmel/atmel toolchain/avr8 gcc/native/3.4.1061/avr8-gnu-toolchain/bin/../lib/gcc/avr/4.8.1/avr5\libgcc.a(_udivmodsi4.o)
                0x00001d6c                __udivmodsi4
 .text.avr-libc
                0x00001db0      0x24e c:/program files (x86)/atmel/atmel toolchain/avr8 gcc/native/3.4.1061/avr8-gnu-toolchain/bin/../lib/gcc/avr/4.8.1/../../../../avr/lib/avr5\libc.a(malloc.o)
                0x00001db0                malloc
                0x00001ee0                free
 .text.avr-libc
                0x00001ffe      0x194 c:/program files (x86)/atmel/atmel toolchain/avr8 gcc/native/3.4.1061/avr8-gnu-toolchain/bin/../lib/gcc/avr/4.8.1/../../../../avr/lib/avr5\libc.a(realloc.o)
                0x00001ffe                realloc
 .text.avr-libc
                0x00002192       0x12 c:/program files (x86)/atmel/atmel toolchain/avr8 gcc/native/3.4.1061/avr8-gnu-toolchain/bin/../lib/gcc/avr/4.8.1/../../../../avr/lib/avr5\libc.a(memcpy.o)
                0x00002192                memcpy
 .text.avr-libc
                0x000021a4       0x96 c:/program files (x86)/atmel/atmel toolchain/avr8 gcc/native/3.4.1061/avr8-gnu-toolchain/bin/../lib/gcc/avr/4.8.1/../../../../avr/lib/avr5\libc.a(fdevopen.o)
                0x000021a4                fdevopen
 .text.avr-libc
                0x0000223a       0x5a c:/program files (x86)/atmel/atmel toolchain/avr8 gcc/native/3.4.1061/avr8-gnu-toolchain/bin/../lib/gcc/avr/4.8.1/../../../../avr/lib/avr5\libc.a(puts.o)
                0x0000223a                puts
 .text.avr-libc
                0x00002294       0x38 c:/program files (x86)/atmel/atmel toolchain/avr8 gcc/native/3.4.1061/avr8-gnu-toolchain/bin/../lib/gcc/avr/4.8.1/../../../../avr/lib/avr5\libc.a(calloc.o)
                0x00002294                calloc
 .text.avr-libc
                0x000022cc        0xe c:/program files (x86)/atmel/atmel toolchain/avr8 gcc/native/3.4.1061/avr8-gnu-toolchain/bin/../lib/gcc/avr/4.8.1/../../../../avr/lib/avr5\libc.a(memset.o)
                0x000022cc                memset
 .text.libgcc.prologue
                0x000022da       0x38 c:/program files (x86)/atmel/atmel toolchain/avr8 gcc/native/3.4.1061/avr8-gnu-toolchain/bin/../lib/gcc/avr/4.8.1/avr5\libgcc.a(_prologue.o)
                0x000022da                __prologue_saves__
 .text.libgcc.prologue
                0x00002312       0x36 c:/program files (x86)/atmel/atmel toolchain/avr8 gcc/native/3.4.1061/avr8-gnu-toolchain/bin/../lib/gcc/avr/4.8.1/avr5\libgcc.a(_epilogue.o)
                0x00002312                __epilogue_restores__
                0x00002348                . = ALIGN (0x2)
 *(.fini9)
 .fini9         0x00002348        0x0 c:/program files (x86)/atmel/atmel toolchain/avr8 gcc/native/3.4.1061/avr8-gnu-toolchain/bin/../lib/gcc/avr/4.8.1/avr5\libgcc.a(_exit.o)
                0x00002348                _exit
                0x00002348                exit
 *(.fini9)
 *(.fini8)
 *(.fini8)
 *(.fini7)
 *(.fini7)
 *(.fini6)
 *(.fini6)
 *(.fini5)
 *(.fini5)
 *(.fini4)
 *(.fini4)
 *(.fini3)
 *(.fini3)
 *(.fini2)
 *(.fini2)
 *(.fini1)
 *(.fini1)
 *(.fini0)
 .fini0         0x00002348        0x4 c:/program files (x86)/atmel/atmel toolchain/avr8 gcc/native/3.4.1061/avr8-gnu-toolchain/bin/../lib/gcc/avr/4.8.1/avr5\libgcc.a(_exit.o)
 *(.fini0)
                0x0000234c                _etext = .

.data           0x00800100      0x15a load address 0x0000234c
                0x00800100                PROVIDE (__data_start, .)
 *(.data)
 .data          0x00800100        0x6 c:/program files (x86)/atmel/atmel toolchain/avr8 gcc/native/3.4.1061/avr8-gnu-toolchain/bin/../lib/gcc/avr/4.8.1/../../../../avr/lib/avr5\libc.a(malloc.o)
                0x00800100                __malloc_heap_end
                0x00800102                __malloc_heap_start
                0x00800104                __malloc_margin
 *(.data*)
 .data.ymin     0x00800106        0x2 joy.o
                0x00800106                ymin
 .data.xmin     0x00800108        0x2 joy.o
                0x00800108                xmin
 .data.contro   0x0080010a        0xe menu.o
                0x0080010a                contro
 .data.control  0x00800118        0xe menu.o
                0x00800118                control
 .data.highscore
                0x00800126        0xe menu.o
                0x00800126                highscore
 .data.options  0x00800134        0xe menu.o
                0x00800134                options
 .data.difficulty
                0x00800142        0xe menu.o
                0x00800142                difficulty
 .data.main_menu
                0x00800150        0xe menu.o
                0x00800150                main_menu
 .data.doublebuffering
                0x0080015e        0x2 oled.o
                0x0080015e                doublebuffering
 .data.oled_front_buffer
                0x00800160        0x2 oled.o
                0x00800160                oled_front_buffer
 .data.oled_back_buffer
                0x00800162        0x2 oled.o
                0x00800162                oled_back_buffer
 .data.oled_command
                0x00800164        0x2 oled.o
                0x00800164                oled_command
 *(.rodata)
 .rodata        0x00800166       0x1c menu.o
 *(.rodata*)
 .rodata.str1.1
                0x00800182       0x24 main.o
 .rodata.str1.1
                0x008001a6       0xa1 menu.o
 .rodata.str1.1
                0x00800247       0x13 oled.o
 *(.gnu.linkonce.d*)
                0x0080025a                . = ALIGN (0x2)
                0x0080025a                _edata = .
                0x0080025a                PROVIDE (__data_end, .)

.bss            0x0080025a       0x1a
                0x0080025a                PROVIDE (__bss_start, .)
 *(.bss)
 *(.bss*)
 .bss.ymax      0x0080025a        0x2 joy.o
                0x0080025a                ymax
 .bss.xmax      0x0080025c        0x2 joy.o
                0x0080025c                xmax
 .bss.joy_moved
                0x0080025e        0x2 menu.o
                0x0080025e                joy_moved
 .bss.oled_back_buffer_index
                0x00800260        0x2 oled.o
                0x00800260                oled_back_buffer_index
 *(COMMON)
 COMMON         0x00800262        0x8 joy.o
                0x00800262                x
                0x00800264                xmean
                0x00800266                y
                0x00800268                ymean
 COMMON         0x0080026a        0x4 c:/program files (x86)/atmel/atmel toolchain/avr8 gcc/native/3.4.1061/avr8-gnu-toolchain/bin/../lib/gcc/avr/4.8.1/../../../../avr/lib/avr5\libc.a(malloc.o)
                0x0080026a                __brkval
                0x0080026c                __flp
 COMMON         0x0080026e        0x6 c:/program files (x86)/atmel/atmel toolchain/avr8 gcc/native/3.4.1061/avr8-gnu-toolchain/bin/../lib/gcc/avr/4.8.1/../../../../avr/lib/avr5\libc.a(iob.o)
                0x0080026e                __iob
                0x00800274                PROVIDE (__bss_end, .)
                0x0000234c                __data_load_start = LOADADDR (.data)
                0x000024a6                __data_load_end = (__data_load_start + SIZEOF (.data))

.noinit         0x00800274        0x0
                0x00800274                PROVIDE (__noinit_start, .)
 *(.noinit*)
                0x00800274                PROVIDE (__noinit_end, .)
                0x00800274                _end = .
                0x00800274                PROVIDE (__heap_start, .)

.eeprom         0x00810000        0x0
 *(.eeprom*)
                0x00810000                __eeprom_end = .

.fuse
 *(.fuse)
 *(.lfuse)
 *(.hfuse)
 *(.efuse)

.lock
 *(.lock*)

.signature
 *(.signature*)

.user_signatures
 *(.user_signatures*)

.stab
 *(.stab)

.stabstr
 *(.stabstr)

.stab.excl
 *(.stab.excl)

.stab.exclstr
 *(.stab.exclstr)

.stab.index
 *(.stab.index)

.stab.indexstr
 *(.stab.indexstr)

.comment        0x00000000       0x30
 *(.comment)
 .comment       0x00000000       0x30 adc.o
                                 0x31 (size before relaxing)
 .comment       0x00000000       0x31 can.o
 .comment       0x00000000       0x31 joy.o
 .comment       0x00000000       0x31 main.o
 .comment       0x00000000       0x31 mcp.o
 .comment       0x00000000       0x31 menu.o
 .comment       0x00000000       0x31 oled.o
 .comment       0x00000000       0x31 spi.o
 .comment       0x00000000       0x31 touch.o
 .comment       0x00000000       0x31 uart.o
 .comment       0x00000000       0x31 c:/program files (x86)/atmel/atmel toolchain/avr8 gcc/native/3.4.1061/avr8-gnu-toolchain/bin/../lib/gcc/avr/4.8.1/../../../../avr/lib/avr5\libc.a(malloc.o)
 .comment       0x00000000       0x31 c:/program files (x86)/atmel/atmel toolchain/avr8 gcc/native/3.4.1061/avr8-gnu-toolchain/bin/../lib/gcc/avr/4.8.1/../../../../avr/lib/avr5\libc.a(realloc.o)
 .comment       0x00000000       0x31 c:/program files (x86)/atmel/atmel toolchain/avr8 gcc/native/3.4.1061/avr8-gnu-toolchain/bin/../lib/gcc/avr/4.8.1/../../../../avr/lib/avr5\libc.a(fdevopen.o)
 .comment       0x00000000       0x31 c:/program files (x86)/atmel/atmel toolchain/avr8 gcc/native/3.4.1061/avr8-gnu-toolchain/bin/../lib/gcc/avr/4.8.1/../../../../avr/lib/avr5\libc.a(iob.o)
 .comment       0x00000000       0x31 c:/program files (x86)/atmel/atmel toolchain/avr8 gcc/native/3.4.1061/avr8-gnu-toolchain/bin/../lib/gcc/avr/4.8.1/../../../../avr/lib/avr5\libc.a(puts.o)
 .comment       0x00000000       0x31 c:/program files (x86)/atmel/atmel toolchain/avr8 gcc/native/3.4.1061/avr8-gnu-toolchain/bin/../lib/gcc/avr/4.8.1/../../../../avr/lib/avr5\libc.a(calloc.o)

.note.gnu.build-id
 *(.note.gnu.build-id)

.debug
 *(.debug)

.line
 *(.line)

.debug_srcinfo
 *(.debug_srcinfo)

.debug_sfnames
 *(.debug_sfnames)

.debug_aranges  0x00000000      0x278
 *(.debug_aranges)
 .debug_aranges
                0x00000000       0x28 adc.o
 .debug_aranges
                0x00000028       0x30 can.o
 .debug_aranges
                0x00000058       0x48 joy.o
 .debug_aranges
                0x000000a0       0x20 main.o
 .debug_aranges
                0x000000c0       0x48 mcp.o
 .debug_aranges
                0x00000108       0x48 menu.o
 .debug_aranges
                0x00000150       0xa0 oled.o
 .debug_aranges
                0x000001f0       0x28 spi.o
 .debug_aranges
                0x00000218       0x30 touch.o
 .debug_aranges
                0x00000248       0x30 uart.o

.debug_pubnames
 *(.debug_pubnames)

.debug_info     0x00000000     0x28e6
 *(.debug_info .gnu.linkonce.wi.*)
 .debug_info    0x00000000       0xcf adc.o
 .debug_info    0x000000cf      0x31d can.o
 .debug_info    0x000003ec      0x5b7 joy.o
 .debug_info    0x000009a3      0x2f3 main.o
 .debug_info    0x00000c96      0x2d4 mcp.o
 .debug_info    0x00000f6a      0x861 menu.o
 .debug_info    0x000017cb      0xbc7 oled.o
 .debug_info    0x00002392       0xb7 spi.o
 .debug_info    0x00002449      0x2a6 touch.o
 .debug_info    0x000026ef      0x1f7 uart.o

.debug_abbrev   0x00000000      0xdf7
 *(.debug_abbrev)
 .debug_abbrev  0x00000000       0x99 adc.o
 .debug_abbrev  0x00000099      0x12a can.o
 .debug_abbrev  0x000001c3      0x228 joy.o
 .debug_abbrev  0x000003eb      0x129 main.o
 .debug_abbrev  0x00000514      0x140 mcp.o
 .debug_abbrev  0x00000654      0x209 menu.o
 .debug_abbrev  0x0000085d      0x274 oled.o
 .debug_abbrev  0x00000ad1       0x7a spi.o
 .debug_abbrev  0x00000b4b      0x15f touch.o
 .debug_abbrev  0x00000caa      0x14d uart.o

.debug_line     0x00000000      0xbf6
 *(.debug_line .debug_line.* .debug_line_end)
 .debug_line    0x00000000       0xc7 adc.o
 .debug_line    0x000000c7       0x94 can.o
 .debug_line    0x0000015b      0x184 joy.o
 .debug_line    0x000002df      0x117 main.o
 .debug_line    0x000003f6      0x119 mcp.o
 .debug_line    0x0000050f      0x1b9 menu.o
 .debug_line    0x000006c8      0x28a oled.o
 .debug_line    0x00000952       0xc1 spi.o
 .debug_line    0x00000a13       0xfd touch.o
 .debug_line    0x00000b10       0xe6 uart.o

.debug_frame    0x00000000      0x708
 *(.debug_frame)
 .debug_frame   0x00000000       0x34 adc.o
 .debug_frame   0x00000034       0x88 can.o
 .debug_frame   0x000000bc      0x144 joy.o
 .debug_frame   0x00000200       0x34 main.o
 .debug_frame   0x00000234       0x98 mcp.o
 .debug_frame   0x000002cc      0x118 menu.o
 .debug_frame   0x000003e4      0x214 oled.o
 .debug_frame   0x000005f8       0x34 spi.o
 .debug_frame   0x0000062c       0x8c touch.o
 .debug_frame   0x000006b8       0x50 uart.o

.debug_str      0x00000000      0x7c4
 *(.debug_str)
 .debug_str     0x00000000      0x136 adc.o
                                0x16f (size before relaxing)
 .debug_str     0x00000136       0xb6 can.o
                                0x1bb (size before relaxing)
 .debug_str     0x000001ec      0x144 joy.o
                                0x29a (size before relaxing)
 .debug_str     0x00000330       0x9e main.o
                                0x227 (size before relaxing)
 .debug_str     0x000003ce       0x43 mcp.o
                                0x1e8 (size before relaxing)
 .debug_str     0x00000411      0x179 menu.o
                                0x328 (size before relaxing)
 .debug_str     0x0000058a      0x184 oled.o
                                0x37d (size before relaxing)
 .debug_str     0x0000070e       0x11 spi.o
                                0x16e (size before relaxing)
 .debug_str     0x0000071f       0x4f touch.o
                                0x1ac (size before relaxing)
 .debug_str     0x0000076e       0x56 uart.o
                                0x1a7 (size before relaxing)

.debug_loc      0x00000000     0x1c1c
 *(.debug_loc)
 .debug_loc     0x00000000       0x6c adc.o
 .debug_loc     0x0000006c      0x1c2 can.o
 .debug_loc     0x0000022e      0x520 joy.o
 .debug_loc     0x0000074e       0x47 main.o
 .debug_loc     0x00000795      0x27d mcp.o
 .debug_loc     0x00000a12      0x4cf menu.o
 .debug_loc     0x00000ee1      0xa6a oled.o
 .debug_loc     0x0000194b       0x1f spi.o
 .debug_loc     0x0000196a      0x226 touch.o
 .debug_loc     0x00001b90       0x8c uart.o

.debug_macinfo
 *(.debug_macinfo)

.debug_weaknames
 *(.debug_weaknames)

.debug_funcnames
 *(.debug_funcnames)

.debug_typenames
 *(.debug_typenames)

.debug_varnames
 *(.debug_varnames)

.debug_pubtypes
 *(.debug_pubtypes)

.debug_ranges   0x00000000      0x220
 *(.debug_ranges)
 .debug_ranges  0x00000000       0x18 adc.o
 .debug_ranges  0x00000018       0x20 can.o
 .debug_ranges  0x00000038       0x38 joy.o
 .debug_ranges  0x00000070       0x10 main.o
 .debug_ranges  0x00000080       0x38 mcp.o
 .debug_ranges  0x000000b8       0x38 menu.o
 .debug_ranges  0x000000f0       0xd8 oled.o
 .debug_ranges  0x000001c8       0x18 spi.o
 .debug_ranges  0x000001e0       0x20 touch.o
 .debug_ranges  0x00000200       0x20 uart.o

.debug_macro
 *(.debug_macro)
OUTPUT(Ping Pong.elf elf32-avr)
LOAD linker stubs
